                           n  per_day     wr  gross    net     lo     hi     pf      maxdd  hold_min    fam
T0lat|limit|zone|1h  12835.0   19.716  0.263 -0.008 -0.622 -0.654 -0.589  0.380   7980.193    15.216  T0lat
T0lat|limit|zone|3h  12835.0   19.716  0.253 -0.003 -0.617 -0.650 -0.584  0.409   7919.143    23.631  T0lat
T0|limit|zone|1h     13944.0   21.419  0.280 -0.026 -0.673 -0.706 -0.639  0.377   9383.249    14.908     T0
T0|limit|zone|3h     13944.0   21.419  0.271 -0.020 -0.667 -0.702 -0.633  0.403   9310.235    22.742     T0
T1|ltf|candle|1h      5919.0    9.092  0.272  0.009 -0.943 -1.090 -0.795  0.275   5580.612    20.310     T1
T1|ltf|candle|3h      6789.0   10.429  0.259  0.006 -0.896 -1.027 -0.766  0.318   6088.067    36.213     T1
T1|ltf|zone|1h        6277.0    9.642  0.324  0.018 -0.572 -0.683 -0.461  0.378   3591.265    31.007     T1
T1|ltf|zone|3h        7161.0   11.000  0.306  0.009 -0.537 -0.637 -0.438  0.450   3850.263    62.585     T1
T1|same|candle|1h     3373.0    5.181  0.312 -0.001 -1.430 -3.111  0.250  0.194   4824.512    31.489     T1
T1|same|candle|3h     4478.0    6.879  0.303 -0.015 -1.154 -2.420  0.112  0.276   5168.568    63.968     T1
T1|same|zone|1h       3400.0    5.223  0.329 -0.020 -0.397 -0.454 -0.339  0.440   1348.995    36.726     T1
T1|same|zone|3h       4517.0    6.939  0.324 -0.017 -0.357 -0.406 -0.307  0.542   1612.688    80.007     T1
T2|ltf|candle|1h      5536.0    8.504  0.247  0.004 -1.700 -2.567 -0.832  0.163   9411.088    17.104     T2
T2|ltf|candle|3h      6374.0    9.791  0.242  0.006 -1.578 -2.332 -0.824  0.196  10060.993    28.946     T2
T2|ltf|zone|1h        6037.0    9.273  0.298  0.001 -0.738 -0.871 -0.605  0.311   4458.604    28.307     T2
T2|ltf|zone|3h        6914.0   10.621  0.286 -0.003 -0.714 -0.832 -0.596  0.369   4937.142    54.629     T2
T2|same|candle|1h     3755.0    5.768  0.291 -0.009 -0.703 -0.855 -0.551  0.328   2640.917    26.439     T2
T2|same|candle|3h     4651.0    7.144  0.278 -0.019 -0.673 -0.798 -0.548  0.383   3134.076    48.661     T2
T2|same|zone|1h       3769.0    5.790  0.318 -0.003 -0.529 -0.612 -0.446  0.376   1993.715    32.588     T2
T2|same|zone|3h       4655.0    7.151  0.304  0.049 -0.521 -0.598 -0.444  0.445   2428.160    66.114     T2
T3|close|candle|1h    5403.0    8.300  0.335  0.008 -0.336 -0.368 -0.304  0.506   1819.101    35.085     T3
T3|close|candle|3h    6582.0   10.111  0.326 -0.001 -0.310 -0.343 -0.278  0.582   2043.814    78.603     T3
T3|close|zone|1h      5434.0    8.347  0.351 -0.007 -0.268 -0.294 -0.242  0.523   1458.193    41.512     T3
T3|close|zone|3h      6613.0   10.158  0.341 -0.026 -0.257 -0.285 -0.228  0.608   1698.180    96.736     T3
T3|retest|candle|1h   4283.0    6.579  0.302 -0.040 -0.349 -0.385 -0.314  0.516   1500.383    27.838     T3
T3|retest|candle|3h   5715.0    8.779  0.296 -0.043 -0.327 -0.361 -0.293  0.575   1869.583    58.877     T3
T3|retest|zone|1h     4321.0    6.637  0.337 -0.050 -0.273 -0.303 -0.242  0.540   1180.559    36.481     T3
T3|retest|zone|3h     5755.0    8.840  0.322 -0.049 -0.254 -0.285 -0.223  0.625   1462.446    80.029     T3
T4|ltf|candle|1h     10105.0   15.522  0.260 -0.009 -1.634 -2.305 -0.963  0.175  16517.306    19.042     T4
T4|ltf|candle|3h     10252.0   15.748  0.253 -0.007 -1.613 -2.275 -0.952  0.200  16542.951    32.027     T4
T4|ltf|zone|1h       11188.0   17.186  0.330 -0.004 -0.440 -0.504 -0.377  0.428   4924.071    33.987     T4
T4|ltf|zone|3h       11342.0   17.422  0.316 -0.005 -0.434 -0.498 -0.370  0.502   4921.962    68.048     T4
T4|same|candle|1h     9710.0   14.916  0.288 -0.012 -0.696 -0.748 -0.643  0.331   6759.506    25.327     T4
T4|same|candle|3h    10049.0   15.436  0.277 -0.009 -0.677 -0.729 -0.625  0.384   6810.156    46.948     T4
T4|same|zone|1h      10199.0   15.667  0.339 -0.006 -0.364 -0.398 -0.331  0.465   3717.643    36.720     T4
T4|same|zone|3h      10544.0   16.197  0.325 -0.006 -0.352 -0.387 -0.317  0.550   3714.404    76.294     T4
T5a|m1|sweep|1h       6032.0    9.266  0.359 -0.015 -0.441 -0.479 -0.403  0.477   2663.882    27.262     T5
T5a|m1|sweep|3h       8675.0   13.326  0.353 -0.024 -0.398 -0.431 -0.366  0.541   3467.247    58.841     T5
T5b|ltf|sweep|1h      6676.0   10.255  0.285 -0.021 -0.758 -0.842 -0.674  0.312   5062.484    23.464     T5
T5b|ltf|sweep|3h      8930.0   13.717  0.280 -0.018 -0.715 -0.791 -0.639  0.367   6383.429    48.143     T5
T5b|same|sweep|1h     6120.0    9.401  0.303 -0.017 -0.604 -0.663 -0.546  0.357   3701.892    28.519     T5
T5b|same|sweep|3h     8646.0   13.281  0.304 -0.015 -0.534 -0.580 -0.488  0.437   4619.631    62.541     T5
selection: {
 "T1": "T1|same|zone|3h",
 "T2": "T2|same|zone|3h",
 "T3": "T3|retest|zone|3h",
 "T4": "T4|same|zone|3h",
 "T5": "T5a|m1|sweep|3h",
 "T6_reversal_part": "T4|same|zone|3h",
 "best_family": "T3"
}
T6 TRAIN: {'n': 13485, 'per_day': 20.714, 'wr': 0.337, 'gross': np.float64(-0.011), 'net': -0.366, 'lo': -0.397, 'hi': -0.336, 'pf': 0.545, 'maxdd': 4942.699, 'hold_min': np.float64(72.458)} {'rev': 9115, 'sweep': 4370}
