{
 "selected": "E2|tp0.3|3h|all",
 "eligible": false,
 "n_eligible": 0,
 "top5": [
  "E2|tp0.3|3h|all",
  "E2|tp0.3|1h|all",
  "E2|tp0.5|3h|all",
  "E2|tp0.5|1h|all",
  "E2|tp0.75|3h|all"
 ]
}
                       n  per_day     wr  gross    net     lo     hi     pf    maxdd  hold_min  gross_wr  cost_r
cfg                                                                                                             
E2|tp0.75|3h|cost10   54    0.083  0.630  0.178  0.095 -0.132  0.321  1.263    3.192    34.648     0.630   0.069
E2|tp0.75|1h|cost10   51    0.078  0.549  0.107  0.021 -0.201  0.242  1.057    5.222    26.647     0.569   0.068
E2|tp0.5|3h|cost10    54    0.083  0.667  0.097  0.011 -0.181  0.203  1.033    3.442    25.241     0.667   0.069
E2|tp0.5|1h|cost10    51    0.078  0.608  0.081 -0.003 -0.196  0.189  0.990    3.615    20.784     0.608   0.068
E2|tp1.0|3h|cost10    54    0.083  0.500  0.066 -0.022 -0.289  0.244  0.954    6.966    52.296     0.500   0.069
E2|tp0.3|3h|cost10    54    0.083  0.722  0.036 -0.043 -0.200  0.114  0.835    4.176    17.056     0.722   0.069
E2|tp1.0|1h|cost10    51    0.078  0.451  0.046 -0.046 -0.295  0.202  0.894    7.493    32.608     0.471   0.068
E2|tp0.75|3h|SOL      37    0.057  0.541  0.050 -0.056 -0.352  0.239  0.880    6.069    28.676     0.541   0.085
E2|tp0.3|1h|cost10    51    0.078  0.667  0.019 -0.062 -0.222  0.098  0.771    4.874    14.941     0.667   0.068
E3|tp0.3|1h|cost10    57    0.088  0.684 -0.018 -0.118 -0.258  0.021  0.546    6.743    14.509     0.702   0.066
E3|tp0.3|3h|cost10    81    0.124  0.691 -0.037 -0.132 -0.255 -0.010  0.526   10.725    28.235     0.716   0.063
E2|tp0.5|3h|SOL       37    0.057  0.568  0.013 -0.132 -0.392  0.127  0.699    7.167    18.351     0.595   0.085
E2|tp0.3|3h|SOL       37    0.057  0.649 -0.036 -0.138 -0.352  0.076  0.605    5.903    12.946     0.649   0.085
E3|tp1.0|1h|cost10    57    0.088  0.456 -0.026 -0.140 -0.355  0.075  0.684    8.589    34.018     0.474   0.066
E3|tp0.5|3h|cost10    81    0.124  0.593 -0.050 -0.149 -0.301  0.004  0.610   12.806    48.481     0.630   0.063
E3|tp0.5|1h|cost10    57    0.088  0.579 -0.044 -0.150 -0.322  0.022  0.584    8.547    23.509     0.596   0.066
E2|tp0.75|1h|SOL      35    0.054  0.457 -0.042 -0.150 -0.440  0.140  0.691    7.270    22.600     0.486   0.083
E2|tp0.3|1h|SOL       35    0.054  0.600 -0.052 -0.153 -0.372  0.065  0.573    5.993    12.486     0.600   0.083
E3|tp0.75|3h|cost10   81    0.124  0.506 -0.055 -0.156 -0.335  0.023  0.662   14.460    68.247     0.531   0.063
E2|tp1.0|1h|BTC       54    0.083  0.463  0.074 -0.160 -0.413  0.093  0.691   13.557    23.704     0.500   0.177
E2|tp1.0|3h|SOL       37    0.057  0.432  0.003 -0.162 -0.494  0.171  0.723    9.149    36.243     0.459   0.085
E2|tp0.5|1h|SOL       35    0.054  0.514 -0.018 -0.165 -0.430  0.100  0.638    7.858    18.057     0.543   0.083
E3|tp0.75|1h|cost10   57    0.088  0.491 -0.059 -0.169 -0.368  0.029  0.609    9.649    30.544     0.509   0.066
E3|tp1.0|3h|cost10    81    0.124  0.432 -0.067 -0.172 -0.371  0.027  0.668   15.336    79.457     0.469   0.063
E3|tp1.0|1h|SOL       56    0.086  0.518  0.025 -0.175 -0.435  0.084  0.677   12.117    16.214     0.536   0.126
E3|tp1.0|3h|SOL       68    0.104  0.500 -0.013 -0.194 -0.429  0.042  0.653   15.481    36.662     0.529   0.113
E2|tp1.0|1h|all      134    0.206  0.425  0.024 -0.211 -0.374 -0.048  0.623   31.049    24.649     0.470   0.152
E2|tp0.75|1h|all     134    0.206  0.478 -0.001 -0.211 -0.359 -0.063  0.590   30.355    21.112     0.515   0.152
E2|tp1.0|1h|ETH       45    0.069  0.444  0.070 -0.215 -0.506  0.075  0.622   11.020    23.089     0.489   0.176
E2|tp0.75|1h|BTC      54    0.083  0.481  0.003 -0.229 -0.458  0.000  0.553   14.077    21.611     0.519   0.177
E2|tp0.75|3h|all     144    0.221  0.500 -0.024 -0.230 -0.382 -0.078  0.593   33.868    28.042     0.507   0.153
E2|tp0.75|1h|ETH      45    0.069  0.489  0.025 -0.237 -0.503  0.029  0.560   11.349    19.356     0.533   0.176
E2|tp0.75|3h|ETH      51    0.078  0.510  0.007 -0.240 -0.498  0.017  0.575   12.254    23.235     0.529   0.170
E3|tp0.3|3h|SOL       68    0.104  0.618 -0.031 -0.242 -0.400 -0.085  0.315   16.696    14.882     0.721   0.113
E2|tp1.0|3h|all      144    0.221  0.431 -0.014 -0.252 -0.421 -0.084  0.604   38.800    36.326     0.451   0.153
E3|tp0.75|3h|SOL      68    0.104  0.515 -0.077 -0.257 -0.468 -0.045  0.520   19.018    31.485     0.559   0.113
E2|tp0.5|1h|all      134    0.206  0.515 -0.060 -0.267 -0.398 -0.136  0.452   37.060    17.604     0.537   0.152
E2|tp0.3|1h|all      134    0.206  0.575 -0.072 -0.267 -0.380 -0.154  0.345   36.503    12.560     0.612   0.152
E3|tp0.5|3h|SOL       68    0.104  0.574 -0.090 -0.268 -0.452 -0.083  0.416   19.012    24.412     0.618   0.113
E2|tp1.0|3h|BTC       56    0.086  0.429 -0.047 -0.281 -0.553 -0.010  0.571   18.999    37.929     0.429   0.182
E2|tp1.0|1h|SOL       35    0.054  0.343 -0.113 -0.283 -0.602  0.036  0.536   11.875    28.114     0.400   0.083
E2|tp0.3|3h|all      144    0.221  0.590 -0.090 -0.285 -0.397 -0.172  0.331   40.982    14.000     0.625   0.153
E2|tp1.0|3h|ETH       51    0.078  0.431  0.009 -0.286 -0.572 -0.001  0.564   14.669    34.627     0.471   0.170
E3|tp0.3|1h|SOL       56    0.086  0.554 -0.071 -0.287 -0.462 -0.112  0.239   16.279     7.071     0.661   0.126
E2|tp0.5|1h|BTC       54    0.083  0.519 -0.062 -0.290 -0.494 -0.087  0.409   16.034    17.204     0.537   0.177
E2|tp0.5|3h|all      144    0.221  0.535 -0.080 -0.293 -0.426 -0.161  0.440   42.260    21.514     0.549   0.153
E3|tp0.75|1h|SOL      56    0.086  0.500 -0.096 -0.296 -0.528 -0.063  0.466   18.109    13.143     0.536   0.126
E2|tp0.3|1h|ETH       45    0.069  0.556 -0.065 -0.305 -0.503 -0.106  0.270   13.928    11.889     0.644   0.176
E2|tp0.3|3h|ETH       51    0.078  0.569 -0.077 -0.306 -0.494 -0.118  0.275   15.598    12.098     0.647   0.170
E2|tp0.3|1h|BTC       54    0.083  0.574 -0.091 -0.310 -0.487 -0.132  0.281   16.872    13.167     0.593   0.177
E2|tp0.5|1h|ETH       45    0.069  0.511 -0.091 -0.318 -0.546 -0.089  0.374   14.718    17.733     0.533   0.176
E3|tp0.5|1h|SOL       56    0.086  0.536 -0.122 -0.319 -0.522 -0.116  0.344   18.669    10.482     0.571   0.126
E2|tp0.5|3h|ETH       51    0.078  0.529 -0.094 -0.333 -0.555 -0.111  0.380   16.970    19.667     0.549   0.170
E2|tp0.75|3h|BTC      56    0.086  0.464 -0.101 -0.335 -0.579 -0.090  0.468   19.351    32.000     0.464   0.182
E2|tp0.3|3h|BTC       56    0.086  0.571 -0.138 -0.362 -0.546 -0.179  0.245   20.442    16.429     0.589   0.182
E2|tp0.5|3h|BTC       56    0.086  0.518 -0.128 -0.363 -0.577 -0.150  0.359   20.702    25.286     0.518   0.182
E1|tp0.5|1h|SOL       80    0.123  0.425 -0.213 -0.583 -0.780 -0.386  0.200   46.661     1.825     0.462   0.278
E1|tp0.5|3h|SOL       80    0.123  0.425 -0.213 -0.583 -0.780 -0.386  0.200   46.661     1.825     0.462   0.278
E1|tp1.0|1h|SOL       80    0.123  0.338 -0.232 -0.597 -0.835 -0.358  0.319   47.916     3.250     0.338   0.278
E1|tp1.0|3h|SOL       80    0.123  0.338 -0.232 -0.597 -0.835 -0.358  0.319   47.916     3.250     0.338   0.278
E1|tp0.75|3h|SOL      80    0.123  0.375 -0.229 -0.610 -0.826 -0.395  0.257   48.840     2.338     0.388   0.278
E1|tp0.75|1h|SOL      80    0.123  0.375 -0.229 -0.610 -0.826 -0.395  0.257   48.840     2.338     0.388   0.278
E1|tp0.3|3h|SOL       80    0.123  0.400 -0.240 -0.622 -0.802 -0.443  0.103   49.797     1.250     0.512   0.278
E1|tp0.3|1h|SOL       80    0.123  0.400 -0.240 -0.622 -0.802 -0.443  0.103   49.797     1.250     0.512   0.278
E3|tp0.5|3h|ETH      115    0.177  0.417 -0.142 -0.634 -0.832 -0.436  0.153   72.933    16.026     0.557   0.305
E3|tp1.0|3h|ETH      115    0.177  0.365 -0.089 -0.644 -0.881 -0.407  0.274   74.786    31.600     0.487   0.305
E3|tp0.75|3h|ETH     115    0.177  0.391 -0.093 -0.666 -0.890 -0.442  0.212   76.817    27.096     0.513   0.305
E3|tp1.0|3h|all      301    0.462  0.405 -0.110 -0.681 -0.904 -0.459  0.283  205.101    33.555     0.508   0.329
E3|tp0.3|3h|ETH      115    0.177  0.339 -0.212 -0.699 -0.889 -0.509  0.058   80.398     9.522     0.583   0.305
E3|tp1.0|1h|all      249    0.382  0.406 -0.105 -0.705 -0.948 -0.461  0.255  175.423    16.787     0.514   0.348
E3|tp0.5|1h|ETH       92    0.141  0.359 -0.176 -0.720 -0.947 -0.493  0.111   66.208    11.478     0.522   0.333
E3|tp0.75|3h|all     301    0.462  0.419 -0.167 -0.728 -0.947 -0.510  0.214  219.216    27.282     0.525   0.329
E3|tp1.0|1h|ETH       92    0.141  0.337 -0.116 -0.731 -0.999 -0.464  0.206   67.765    16.685     0.478   0.333
E3|tp0.5|3h|all      301    0.462  0.435 -0.202 -0.739 -0.952 -0.526  0.143  222.446    18.724     0.571   0.329
E3|tp0.75|1h|ETH      92    0.141  0.359 -0.115 -0.746 -1.003 -0.490  0.160   68.892    15.065     0.500   0.333
E3|tp0.3|3h|all      301    0.462  0.379 -0.229 -0.761 -0.972 -0.550  0.070  229.011    11.163     0.628   0.329
E3|tp0.3|1h|ETH       92    0.141  0.304 -0.225 -0.762 -0.985 -0.538  0.050   70.062     7.043     0.565   0.333
E3|tp0.75|1h|all     249    0.382  0.410 -0.169 -0.763 -1.003 -0.522  0.190  189.867    13.900     0.518   0.348
E3|tp0.5|1h|all      249    0.382  0.410 -0.217 -0.785 -1.020 -0.550  0.122  195.441    10.386     0.550   0.348
E1|tp0.3|1h|cost10     4    0.006  0.250 -0.675 -0.791 -1.439 -0.143  0.059    3.164     1.750     0.250   0.090
E1|tp0.3|3h|cost10     4    0.006  0.250 -0.675 -0.791 -1.439 -0.143  0.059    3.164     1.750     0.250   0.090
E3|tp0.3|1h|all      249    0.382  0.341 -0.253 -0.810 -1.044 -0.577  0.059  201.721     6.522     0.602   0.348
E3|tp1.0|1h|BTC      101    0.155  0.406 -0.168 -0.973 -1.497 -0.450  0.184   98.316    17.198     0.535   0.484
E3|tp1.0|3h|BTC      118    0.181  0.390 -0.187 -0.999 -1.492 -0.505  0.193  117.839    33.669     0.517   0.477
E3|tp0.75|1h|BTC     101    0.155  0.406 -0.260 -1.036 -1.561 -0.512  0.139  104.641    13.257     0.525   0.484
E3|tp0.75|3h|BTC     118    0.181  0.390 -0.290 -1.061 -1.552 -0.569  0.138  125.155    25.042     0.517   0.477
E3|tp0.5|1h|BTC      101    0.155  0.386 -0.307 -1.103 -1.626 -0.580  0.079  111.371     9.337     0.564   0.484
E3|tp0.5|3h|BTC      118    0.181  0.373 -0.325 -1.113 -1.602 -0.623  0.077  131.308    18.076     0.559   0.477
E3|tp0.3|3h|BTC      118    0.181  0.280 -0.360 -1.120 -1.609 -0.630  0.034  132.124    10.619     0.619   0.477
E1|tp0.75|3h|ETH     115    0.177  0.348 -0.086 -1.124 -1.427 -0.821  0.108  129.268     2.061     0.452   0.739
E1|tp0.75|1h|ETH     115    0.177  0.348 -0.086 -1.124 -1.427 -0.821  0.108  129.268     2.061     0.452   0.739
E1|tp0.5|3h|cost10     4    0.006  0.000 -0.625 -1.126 -1.144 -1.108  0.000    4.504     5.250     0.250   0.090
E1|tp1.0|1h|cost10     4    0.006  0.000 -1.000 -1.126 -1.144 -1.108  0.000    4.504     5.250     0.000   0.090
E1|tp1.0|3h|cost10     4    0.006  0.000 -1.000 -1.126 -1.144 -1.108  0.000    4.504     5.250     0.000   0.090
E1|tp0.75|3h|cost10    4    0.006  0.000 -1.000 -1.126 -1.144 -1.108  0.000    4.504     5.250     0.000   0.090
E1|tp0.75|1h|cost10    4    0.006  0.000 -1.000 -1.126 -1.144 -1.108  0.000    4.504     5.250     0.000   0.090
E1|tp0.5|1h|cost10     4    0.006  0.000 -0.625 -1.126 -1.144 -1.108  0.000    4.504     5.250     0.250   0.090
E1|tp0.5|1h|ETH      115    0.177  0.330 -0.119 -1.139 -1.434 -0.845  0.061  131.039     1.470     0.504   0.739
E1|tp0.5|3h|ETH      115    0.177  0.330 -0.119 -1.139 -1.434 -0.845  0.061  131.039     1.470     0.504   0.739
E3|tp0.3|1h|BTC      101    0.155  0.257 -0.379 -1.144 -1.666 -0.623  0.032  115.586     5.743     0.604   0.484
E1|tp1.0|1h|all      322    0.495  0.320 -0.096 -1.157 -1.487 -0.828  0.157  372.703     2.814     0.394   0.748
E1|tp1.0|3h|all      322    0.495  0.320 -0.096 -1.157 -1.487 -0.828  0.157  372.703     2.814     0.394   0.748
E1|tp0.75|1h|all     322    0.495  0.339 -0.121 -1.160 -1.486 -0.834  0.116  373.616     2.180     0.435   0.748
E1|tp0.75|3h|all     322    0.495  0.339 -0.121 -1.160 -1.486 -0.834  0.116  373.616     2.180     0.435   0.748
E1|tp0.5|3h|all      322    0.495  0.329 -0.147 -1.176 -1.499 -0.854  0.069  378.831     1.630     0.488   0.748
E1|tp0.5|1h|all      322    0.495  0.329 -0.147 -1.176 -1.499 -0.854  0.069  378.831     1.630     0.488   0.748
E1|tp1.0|3h|ETH      115    0.177  0.304 -0.080 -1.179 -1.490 -0.867  0.140  135.540     2.583     0.400   0.739
E1|tp1.0|1h|ETH      115    0.177  0.304 -0.080 -1.179 -1.490 -0.867  0.140  135.540     2.583     0.400   0.739
E1|tp0.3|3h|ETH      115    0.177  0.165 -0.161 -1.208 -1.482 -0.933  0.019  138.865     1.235     0.548   0.739
E1|tp0.3|1h|ETH      115    0.177  0.165 -0.161 -1.208 -1.482 -0.933  0.019  138.865     1.235     0.548   0.739
E1|tp0.3|1h|all      322    0.495  0.230 -0.198 -1.231 -1.549 -0.912  0.028  396.281     1.242     0.522   0.748
E1|tp0.3|3h|all      322    0.495  0.230 -0.198 -1.231 -1.549 -0.912  0.028  396.281     1.242     0.522   0.748
E1|tp1.0|1h|BTC      127    0.195  0.323 -0.026 -1.492 -2.260 -0.723  0.115  189.425     2.748     0.425   1.053
E1|tp1.0|3h|BTC      127    0.195  0.323 -0.026 -1.492 -2.260 -0.723  0.115  189.425     2.748     0.425   1.053
E1|tp0.75|3h|BTC     127    0.195  0.307 -0.085 -1.539 -2.303 -0.776  0.078  195.508     2.189     0.449   1.053
E1|tp0.75|1h|BTC     127    0.195  0.307 -0.085 -1.539 -2.303 -0.776  0.078  195.508     2.189     0.449   1.053
E1|tp0.5|1h|BTC      127    0.195  0.268 -0.132 -1.584 -2.342 -0.825  0.039  201.130     1.654     0.488   1.053
E1|tp0.5|3h|BTC      127    0.195  0.268 -0.132 -1.584 -2.342 -0.825  0.039  201.130     1.654     0.488   1.053
E1|tp0.3|3h|BTC      127    0.195  0.181 -0.204 -1.635 -2.389 -0.880  0.015  207.618     1.244     0.504   1.053
E1|tp0.3|1h|BTC      127    0.195  0.181 -0.204 -1.635 -2.389 -0.880  0.015  207.618     1.244     0.504   1.053
