    n  per_day    wr  gross    net     lo     hi    pf    maxdd  hold_min                       cfg entry   tp hold  be     filt stage
  839    1.289 0.690  0.019 -0.119 -0.163 -0.075 0.613  102.185    20.542      E1|tp0.3|3h|be0|H1H4    E1 0.30   3h   0     H1H4     B
  839    1.289 0.658  0.012 -0.129 -0.169 -0.090 0.565  110.760    14.760      E1|tp0.3|1h|be0|H1H4    E1 0.30   1h   0     H1H4     A
 4432    6.808 0.657 -0.069 -0.196 -0.215 -0.176 0.429  869.255    24.191    E3|tp0.3|3h|be0|cost10    E3 0.30   3h   0   cost10     B
 3695    5.676 0.638 -0.020 -0.136 -0.156 -0.116 0.581  501.805    38.673    E2|tp0.3|3h|be0|cost10    E2 0.30   3h   0   cost10     B
 3396    5.217 0.636 -0.010 -0.181 -0.204 -0.157 0.502  613.458    11.504    E1|tp0.3|3h|be0|cost10    E1 0.30   3h   0   cost10     B
 3396    5.217 0.619 -0.013 -0.181 -0.202 -0.161 0.482  616.285     8.950    E1|tp0.3|1h|be0|cost10    E1 0.30   1h   0   cost10     A
 2675    4.109 0.616 -0.089 -0.233 -0.258 -0.207 0.357  624.503    10.962    E3|tp0.3|1h|be0|cost10    E3 0.30   1h   0   cost10     A
 4101    6.300 0.615 -0.015 -0.193 -0.213 -0.172 0.473  791.164    31.215  E2|tp0.3|3h|be0|noCrypto    E2 0.30   3h   0 noCrypto     B
 2587    3.974 0.593 -0.025 -0.153 -0.176 -0.131 0.530  397.144    20.222    E2|tp0.3|1h|be0|cost10    E2 0.30   1h   0   cost10     A
 3055    4.693 0.577 -0.021 -0.214 -0.237 -0.192 0.424  655.082    17.035  E2|tp0.3|1h|be0|noCrypto    E2 0.30   1h   0 noCrypto     A
 4930    7.573 0.568 -0.018 -0.305 -0.326 -0.285 0.296 1506.109     8.013      E1|tp0.3|1h|be0|noM5    E1 0.30   1h   0     noM5     A
  124    0.190 0.565 -0.099 -0.228 -0.330 -0.125 0.350   28.910    14.008      E3|tp0.3|1h|be0|H1H4    E3 0.30   1h   0     H1H4     A
  544    0.836 0.561 -0.037 -0.145 -0.191 -0.100 0.507   81.892    30.191      E2|tp0.3|1h|be0|noM5    E2 0.30   1h   0     noM5     A
 4321    6.637 0.555 -0.039 -0.253 -0.272 -0.233 0.363 1091.705    16.999       E2|tp0.3|1h|be0|all    E2 0.30   1h   0      all     A
  839    1.289 0.552  0.017 -0.142 -0.189 -0.094 0.629  120.577    21.105      E1|tp0.5|1h|be0|H1H4    E1 0.50   1h   0     H1H4     A
 2675    4.109 0.546 -0.077 -0.226 -0.255 -0.197 0.482  609.041    16.481    E3|tp0.5|1h|be0|cost10    E3 0.50   1h   0   cost10     A
 3396    5.217 0.535  0.005 -0.173 -0.198 -0.149 0.589  589.891    12.992    E1|tp0.5|1h|be0|cost10    E1 0.50   1h   0   cost10     A
 4930    7.573 0.523  0.003 -0.297 -0.319 -0.274 0.414 1462.433    11.619      E1|tp0.5|1h|be0|noM5    E1 0.50   1h   0     noM5     A
 1467    2.253 0.521 -0.128 -0.347 -0.390 -0.304 0.216  509.485     9.944      E3|tp0.3|1h|be0|noM5    E3 0.30   1h   0     noM5     A
 1467    2.253 0.513 -0.093 -0.310 -0.356 -0.264 0.361  457.250    14.605      E3|tp0.5|1h|be0|noM5    E3 0.50   1h   0     noM5     A
 2587    3.974 0.510 -0.027 -0.148 -0.174 -0.122 0.614  384.985    26.241    E2|tp0.5|1h|be0|cost10    E2 0.50   1h   0   cost10     A
 3055    4.693 0.497 -0.031 -0.215 -0.241 -0.190 0.507  661.202    22.361  E2|tp0.5|1h|be0|noCrypto    E2 0.50   1h   0 noCrypto     A
 4321    6.637 0.493 -0.042 -0.251 -0.274 -0.229 0.455 1087.749    22.217       E2|tp0.5|1h|be0|all    E2 0.50   1h   0      all     A
  124    0.190 0.492 -0.085 -0.209 -0.345 -0.074 0.537   28.395    26.218     E3|tp0.75|1h|be0|H1H4    E3 0.75   1h   0     H1H4     A
  124    0.190 0.492 -0.061 -0.208 -0.328 -0.088 0.481   26.462    19.556      E3|tp0.5|1h|be0|H1H4    E3 0.50   1h   0     H1H4     A
 2675    4.109 0.489 -0.063 -0.219 -0.252 -0.187 0.561  592.038    21.677   E3|tp0.75|1h|be0|cost10    E3 0.75   1h   0   cost10     A
 4174    6.412 0.486 -0.105 -0.405 -0.433 -0.377 0.285 1691.589    11.201  E3|tp0.5|1h|be0|noCrypto    E3 0.50   1h   0 noCrypto     A
 4174    6.412 0.485 -0.141 -0.424 -0.450 -0.399 0.168 1771.764     7.497  E3|tp0.3|1h|be0|noCrypto    E3 0.30   1h   0 noCrypto     A
  839    1.289 0.484  0.012 -0.140 -0.194 -0.086 0.678  119.157    26.961     E1|tp0.75|1h|be0|H1H4    E1 0.75   1h   0     H1H4     A
  124    0.190 0.484 -0.031 -0.193 -0.350 -0.036 0.611   30.364    28.798      E3|tp1.0|1h|be0|H1H4    E3 1.00   1h   0     H1H4     A
 1467    2.253 0.481 -0.077 -0.300 -0.350 -0.250 0.449  443.119    19.638     E3|tp0.75|1h|be0|noM5    E3 0.75   1h   0     noM5     A
  544    0.836 0.471 -0.047 -0.155 -0.207 -0.103 0.551   87.339    38.491      E2|tp0.5|1h|be0|noM5    E2 0.50   1h   0     noM5     A
   15    0.023 0.467 -0.070 -0.101 -0.288  0.086 0.464    1.652    42.867      E2|tp0.3|1h|be0|H1H4    E2 0.30   1h   0     H1H4     A
 9206   14.141 0.461 -0.055 -0.492 -0.508 -0.476 0.169 4531.494     4.861  E1|tp0.3|1h|be0|noCrypto    E1 0.30   1h   0 noCrypto     A
 4174    6.412 0.459 -0.081 -0.388 -0.418 -0.357 0.381 1620.094    15.002 E3|tp0.75|1h|be0|noCrypto    E3 0.75   1h   0 noCrypto     A
 3396    5.217 0.457  0.003 -0.185 -0.214 -0.157 0.625  631.039    16.948   E1|tp0.75|1h|be0|cost10    E1 0.75   1h   0   cost10     A
 6032    9.266 0.455 -0.101 -0.483 -0.512 -0.453 0.228 2911.913    11.574       E3|tp0.5|1h|be0|all    E3 0.50   1h   0      all     A
 4930    7.573 0.454  0.002 -0.304 -0.330 -0.278 0.479 1498.052    15.345     E1|tp0.75|1h|be0|noM5    E1 0.75   1h   0     noM5     A
 1467    2.253 0.449 -0.058 -0.292 -0.346 -0.238 0.505  430.962    23.510      E3|tp1.0|1h|be0|noM5    E3 1.00   1h   0     noM5     A
  839    1.289 0.448  0.021 -0.133 -0.192 -0.075 0.708  115.623    30.849      E1|tp1.0|1h|be0|H1H4    E1 1.00   1h   0     H1H4     A
 2587    3.974 0.447 -0.019 -0.148 -0.178 -0.119 0.650  388.509    31.589   E2|tp0.75|1h|be0|cost10    E2 0.75   1h   0   cost10     A
 6032    9.266 0.446 -0.071 -0.463 -0.494 -0.432 0.320 2794.837    15.544      E3|tp0.75|1h|be0|all    E3 0.75   1h   0      all     A
 2675    4.109 0.445 -0.053 -0.214 -0.249 -0.178 0.603  573.702    25.519    E3|tp1.0|1h|be0|cost10    E3 1.00   1h   0   cost10     A
 9206   14.141 0.444 -0.031 -0.482 -0.500 -0.464 0.262 4439.161     6.911  E1|tp0.5|1h|be0|noCrypto    E1 0.50   1h   0 noCrypto     A
 6032    9.266 0.433 -0.139 -0.507 -0.534 -0.479 0.125 3055.427     7.676       E3|tp0.3|1h|be0|all    E3 0.30   1h   0      all     A
  544    0.836 0.432 -0.044 -0.146 -0.203 -0.089 0.597   84.176    43.131     E2|tp0.75|1h|be0|noM5    E2 0.75   1h   0     noM5     A
 3055    4.693 0.431 -0.025 -0.219 -0.248 -0.190 0.550  673.513    27.253 E2|tp0.75|1h|be0|noCrypto    E2 0.75   1h   0 noCrypto     A
 4321    6.637 0.429 -0.035 -0.255 -0.280 -0.231 0.505 1106.703    27.037      E2|tp0.75|1h|be0|all    E2 0.75   1h   0      all     A
 4174    6.412 0.423 -0.062 -0.387 -0.420 -0.353 0.431 1614.448    17.957  E3|tp1.0|1h|be0|noCrypto    E3 1.00   1h   0 noCrypto     A
12835   19.716 0.422 -0.048 -0.621 -0.649 -0.594 0.198 7973.117     6.404       E1|tp0.5|1h|be0|all    E1 0.50   1h   0      all     A
 6032    9.266 0.420 -0.050 -0.457 -0.490 -0.425 0.376 2759.943    18.817       E3|tp1.0|1h|be0|all    E3 1.00   1h   0      all     A
12835   19.716 0.416 -0.072 -0.633 -0.659 -0.606 0.121 8119.201     4.469       E1|tp0.3|1h|be0|all    E1 0.30   1h   0      all     A
 2587    3.974 0.414 -0.021 -0.148 -0.180 -0.116 0.669  387.406    34.738    E2|tp1.0|1h|be0|cost10    E2 1.00   1h   0   cost10     A
  544    0.836 0.414 -0.038 -0.149 -0.209 -0.088 0.606   87.166    45.509      E2|tp1.0|1h|be0|noM5    E2 1.00   1h   0     noM5     A
 3396    5.217 0.411  0.005 -0.184 -0.215 -0.153 0.655  627.740    20.153    E1|tp1.0|1h|be0|cost10    E1 1.00   1h   0   cost10     A
 4930    7.573 0.406  0.001 -0.305 -0.333 -0.277 0.517 1505.206    18.338      E1|tp1.0|1h|be0|noM5    E1 1.00   1h   0     noM5     A
   15    0.023 0.400 -0.053 -0.084 -0.290  0.121 0.562    1.652    48.867      E2|tp0.5|1h|be0|H1H4    E2 0.50   1h   0     H1H4     A
 3055    4.693 0.396 -0.023 -0.216 -0.247 -0.185 0.580  662.417    30.231  E2|tp1.0|1h|be0|noCrypto    E2 1.00   1h   0 noCrypto     A
 9206   14.141 0.394 -0.015 -0.480 -0.499 -0.460 0.333 4418.307     9.052 E1|tp0.75|1h|be0|noCrypto    E1 0.75   1h   0 noCrypto     A
 4321    6.637 0.391 -0.036 -0.258 -0.284 -0.231 0.530 1114.201    30.173       E2|tp1.0|1h|be0|all    E2 1.00   1h   0      all     A
12835   19.716 0.387 -0.033 -0.619 -0.647 -0.590 0.264 7942.042     8.499      E1|tp0.75|1h|be0|all    E1 0.75   1h   0      all     A
 9206   14.141 0.354 -0.011 -0.475 -0.496 -0.453 0.379 4374.057    10.903  E1|tp1.0|1h|be0|noCrypto    E1 1.00   1h   0 noCrypto     A
12835   19.716 0.353 -0.025 -0.614 -0.643 -0.584 0.309 7881.103    10.296       E1|tp1.0|1h|be0|all    E1 1.00   1h   0      all     A
 3695    5.676 0.277 -0.018 -0.141 -0.155 -0.126 0.390  519.940    23.994    E2|tp0.3|3h|be1|cost10    E2 0.30   3h   1   cost10     B
 2587    3.974 0.274 -0.012 -0.147 -0.164 -0.130 0.382  379.622    12.789    E2|tp0.3|1h|be1|cost10    E2 0.30   1h   1   cost10     B
   15    0.023 0.267 -0.123 -0.159 -0.328  0.010 0.208    2.390    55.867      E2|tp1.0|1h|be0|H1H4    E2 1.00   1h   0     H1H4     A
   15    0.023 0.267 -0.123 -0.159 -0.328  0.010 0.208    2.390    55.867     E2|tp0.75|1h|be0|H1H4    E2 0.75   1h   0     H1H4     A
 4432    6.808 0.265 -0.067 -0.205 -0.221 -0.189 0.233  908.459    13.099    E3|tp0.3|3h|be1|cost10    E3 0.30   3h   1   cost10     B
 2675    4.109 0.258 -0.084 -0.237 -0.258 -0.216 0.191  634.193     6.098    E3|tp0.3|1h|be1|cost10    E3 0.30   1h   1   cost10     B
 4101    6.300 0.245 -0.019 -0.208 -0.223 -0.194 0.274  854.578    19.166  E2|tp0.3|3h|be1|noCrypto    E2 0.30   3h   1 noCrypto     B
 3055    4.693 0.245 -0.014 -0.219 -0.236 -0.201 0.264  667.523    10.562  E2|tp0.3|1h|be1|noCrypto    E2 0.30   1h   1 noCrypto     B
  839    1.289 0.231 -0.006 -0.159 -0.187 -0.131 0.305  134.908     9.155      E1|tp0.3|3h|be1|H1H4    E1 0.30   3h   1     H1H4     B
  839    1.289 0.226 -0.006 -0.162 -0.189 -0.135 0.293  137.078     7.101      E1|tp0.3|1h|be1|H1H4    E1 0.30   1h   1     H1H4     B
 3396    5.217 0.214 -0.025 -0.212 -0.227 -0.196 0.253  719.575     5.087    E1|tp0.3|3h|be1|cost10    E1 0.30   3h   1   cost10     B
 3396    5.217 0.211 -0.026 -0.214 -0.229 -0.200 0.239  727.985     4.099    E1|tp0.3|1h|be1|cost10    E1 0.30   1h   1   cost10     B
{
 "selected": "E1|tp0.3|3h|be0|H1H4",
 "eligible": false,
 "top5": [
  "E1|tp0.3|3h|be0|H1H4",
  "E1|tp0.3|1h|be0|H1H4",
  "E3|tp0.3|3h|be0|cost10",
  "E2|tp0.3|3h|be0|cost10",
  "E1|tp0.3|3h|be0|cost10"
 ],
 "n_configs": 75,
 "n_eligible": 0
}
